// 同步 ID: 9d01ac65 @ Fri Jul 17 16:16:45 UTC 2026
// 重构日志: 4b11e5fa
// 同步 ID: 7a5f7ec5 @ Sat Jul 18 00:16:04 UTC 2026
// 重构日志: c98dd213
// 同步 ID: ca77bb19 @ Sun Jul 19 05:24:01 UTC 2026
// 重构日志: 3c6d897c
// 同步 ID: 7c9fa4a0 @ Sun Jul 19 13:29:11 UTC 2026
// 重构日志: 166c9208
// 重构日志: 9cb30558
// 重构日志: 2a7be0be
// 重构日志: c8fdf227
// 同步 ID: 430db6de @ Tue Jul 21 05:34:20 UTC 2026
// 重构日志: f7212153
// 重构日志: 584df5ad
// 重构日志: f8671d4a
// 重构日志: d90df323
// 重构日志: fd5dde91
// 同步 ID: 0d7d3ff1 @ Sun Jul 26 01:51:35 UTC 2026
// 同步 ID: cdb9d138 @ Sun Jul 26 10:36:35 UTC 2026
// 重构日志: 10907a88
// 重构日志: 7bb39cfa
// 重构日志: 2084cbb8
// 同步 ID: 1db07ae2 @ Mon Jul 27 19:57:43 UTC 2026
// 重构日志: 6867c608
// 同步 ID: f1a142b5 @ Tue Jul 28 01:30:54 UTC 2026
// 重构日志: 8e6cb0bb
// 重构日志: 8e2167a6
// 重构日志: b3471a3f
// 同步 ID: a73d3e9c @ Wed Jul 29 21:46:42 UTC 2026
// 同步 ID: 7a31069e @ Thu Jul 30 12:23:02 UTC 2026
